
Memory Configuration

Name             Origin             Length             Attributes
FLASH            0x08000000         0x00080000         xr
SRAM             0x20000000         0x00018000         xrw
*default*        0x00000000         0xffffffff

Linker script and memory map

LOAD main.o

.isr_vector
 *(.isr_vector)

.text           0x08000000       0xcc
 *(.text)
 .text          0x08000000       0xcc main.o
                0x08000000                main
                0x0800000e                GPIOA_Init
                0x08000048                SysTick_Init
                0x08000088                SysTick_Handler
 *(.rodata)
                0x080000cc                . = ALIGN (0x4)

.glue_7         0x080000cc        0x0
 .glue_7        0x080000cc        0x0 linker stubs

.glue_7t        0x080000cc        0x0
 .glue_7t       0x080000cc        0x0 linker stubs

.vfp11_veneer   0x080000cc        0x0
 .vfp11_veneer  0x080000cc        0x0 linker stubs

.v4_bx          0x080000cc        0x0
 .v4_bx         0x080000cc        0x0 linker stubs

.iplt           0x080000cc        0x0
 .iplt          0x080000cc        0x0 main.o

.rel.dyn        0x080000cc        0x0
 .rel.iplt      0x080000cc        0x0 main.o

.data           0x20000000        0x0 load address 0x080000cc
                0x20000000                _sdata = .
 *(.data)
 .data          0x20000000        0x0 main.o
                0x20000000                . = ALIGN (0x4)
                0x20000000                _edata = .

.igot.plt       0x20000000        0x0 load address 0x080000cc
 .igot.plt      0x20000000        0x0 main.o

.bss            0x20000000        0x4 load address 0x080000cc
                0x20000000                _sbss = .
 *(.bss)
 .bss           0x20000000        0x4 main.o
                0x20000000                led_state
 *(COMMON)
                0x20000004                . = ALIGN (0x4)
                0x20000004                _ebss = .
                0x20018000                _stack_top = (ORIGIN (SRAM) + LENGTH (SRAM))
OUTPUT(final.elf elf32-littlearm)
LOAD linker stubs

.comment        0x00000000       0x49
 .comment       0x00000000       0x49 main.o
                                 0x4a (size before relaxing)

.ARM.attributes
                0x00000000       0x2e
 .ARM.attributes
                0x00000000       0x2e main.o
